wsl: Failed to translate 'd:\bvn.md'
root@DESKTOP-JS7996U:~# dir
goto_CLAUD.sh
root@DESKTOP-JS7996U:~# ./goto_CLAUD.sh
./goto_CLAUD.sh: line 7: libsRTX3050.sh.sh: command not found
root@DESKTOP-JS7996U:~# . goto_CLAUD.sh
libsRTX3050.sh.sh: command not found
root@DESKTOP-JS7996U:/mnt/c/users/ADMIN/PyCharmMiscProject/FT1-TF2-convert/CLAU# . goto_CLAUD.sh
-bash: goto_CLAUD.sh: No such file or directory
root@DESKTOP-JS7996U:/mnt/c/users/ADMIN/PyCharmMiscProject/FT1-TF2-convert/CLAU# dir
GPU_check.sh  diag.py            nvidia_cublas_cu12-12.9.2.10-py3-none-manylinux_2_27_x86_64.whl  setup_gpu_env.sh.sh
HDD           docs               out                                                              srodowisko
HISTORIA.md   dsp                probki                                                           tools
PENDRAK       libdevice.10.bc    requirements.txt                                                 train_rtx.py
README.md     libsRTX3050.sh.sh  runs                                                             venv_gpu
__pycache__   morse_dataset.npz  setenv.RTX3050.sh                                                z_hdd.bat
bvn.bat       na_hdd.bat         setenv.bvn.sh
bvn_z.bat     noc.bat            setenv.sh
czesci        noc.sh             setup_gpu_env.sh
root@DESKTOP-JS7996U:/mnt/c/users/ADMIN/PyCharmMiscProject/FT1-TF2-convert/CLAU# cd d:\AI_DSP\
> ^C
root@DESKTOP-JS7996U:/mnt/c/users/ADMIN/PyCharmMiscProject/FT1-TF2-convert/CLAU#
root@DESKTOP-JS7996U:/mnt/c/users/ADMIN/PyCharmMiscProject/FT1-TF2-convert/CLAU#
root@DESKTOP-JS7996U:/mnt/c/users/ADMIN/PyCharmMiscProject/FT1-TF2-convert/CLAU#
root@DESKTOP-JS7996U:/mnt/c/users/ADMIN/PyCharmMiscProject/FT1-TF2-convert/CLAU# cd /mnt/d/AI_DSP
root@DESKTOP-JS7996U:/mnt/d/AI_DSP# ./noc.sh 200000 40 256 '' 40 3000 8
============================================================
 NOC TRENINGOWA  2026-09-22 19:48
============================================================
 zbiór:  czesci/morse_200000_*.npz  (200000 próbek)
 epoki:  40   batch: 256
 log:    out/noc_20260922_1948.log

--- środowisko ---
ładuję srodowisko/rtx3050_setenv.sh
BŁĄD: nie znalazłem środowiska wirtualnego.
Szukałem w:
    $CW_VENV            = <nieustawione>
    /mnt/d/AI_DSP/venv_gpu
    /mnt/d/AI_DSP/.venv

Utworzenie:  ./srodowisko/setup_gpu_env.sh

PRZERWANO: nie ma 'python' w PATH i nie znalazłem czego wysourcować.
Szukałem: $CW_SETENV, srodowisko/rtx3050_setenv.sh, setenv.sh
Konfiguracja od zera:  ./srodowisko/setup_gpu_env.sh
root@DESKTOP-JS7996U:/mnt/d/AI_DSP# cd ~
root@DESKTOP-JS7996U:~# .
.bash_history     .config/          .local/           .profile          .ssh/
.bashrc           .keras/           .motd_shown       .python_history   goto_CLAUD.sh
.cache/           .launchpadlib/    .nv/              .selected_editor
root@DESKTOP-JS7996U:~# . goto_CLAUD.sh
libsRTX3050.sh.sh: command not found
root@DESKTOP-JS7996U:/mnt/c/users/ADMIN/PyCharmMiscProject/FT1-TF2-convert/CLAU# . setenv.sh
Środowisko RTX 3050 załadowane.
  projekt:  /mnt/c/users/ADMIN/PyCharmMiscProject/FT1-TF2-convert/CLAU
  python:   /mnt/c/users/ADMIN/PyCharmMiscProject/FT1-TF2-convert/CLAU/venv_gpu/bin/python (Python 3.12.13)
  katalogi CUDA na LD_LIBRARY_PATH: 11

Sprawdzenie karty:
  python -c "import tensorflow as tf; print(tf.config.list_physical_devices('GPU'))"
((venv_gpu) ) root@DESKTOP-JS7996U:/mnt/c/users/ADMIN/PyCharmMiscProject/FT1-TF2-convert/CLAU#

((venv_gpu) ) root@DESKTOP-JS7996U:/mnt/c/users/ADMIN/PyCharmMiscProject/FT1-TF2-convert/CLAU#
((venv_gpu) ) root@DESKTOP-JS7996U:/mnt/c/users/ADMIN/PyCharmMiscProject/FT1-TF2-convert/CLAU# cd /mnt/d/AI_DSP
((venv_gpu) ) root@DESKTOP-JS7996U:/mnt/d/AI_DSP# ./noc.sh 200000 40 256 '' 40 3000 8
^C
((venv_gpu) ) root@DESKTOP-JS7996U:/mnt/d/AI_DSP# ^C
((venv_gpu) ) root@DESKTOP-JS7996U:/mnt/d/AI_DSP# . ~/goto_CLAUD.sh
libsRTX3050.sh.sh: command not found
((venv_gpu) ) root@DESKTOP-JS7996U:/mnt/c/users/ADMIN/PyCharmMiscProject/FT1-TF2-convert/CLAU# ./noc.sh 200000 40 256 '' 40 3000 8
============================================================
 NOC TRENINGOWA  2026-09-22 19:53
============================================================
 zbiór:  czesci/morse_200000_*.npz  (200000 próbek)
 epoki:  40   batch: 256
 log:    out/noc_20260922_1951.log

--- środowisko ---
już aktywne — nie ruszam
python: /mnt/c/users/ADMIN/PyCharmMiscProject/FT1-TF2-convert/CLAU/venv_gpu/bin/python  (Python 3.12.13)

--- karta ---
WARNING: All log messages before absl::InitializeLog() is called are written to STDERR
I0000 00:00:1790099648.969182     920 cpu_feature_guard.cc:227] This TensorFlow binary is optimized to use available CPU instructions in performance-critical operations.
To enable the following instructions: AVX2 FMA, in other operations, rebuild TensorFlow with the appropriate compiler flags.
TensorFlow 2.21.0 | GPU: ['/physical_device:GPU:0']

--- diag.py ---
======================================================================
WYNIK: 80/80 kontroli przeszło
======================================================================

--- zbiór ---
wzorzec: czesci/morse_200000_*.npz   (8 x 200000 = 1600000 próbek)
czesci/morse_200000_00.npz: BRAKUJE kolumn modelu kanalu: chirp sag hum agc_tau fist_drift gap_jitter
-> czesc powstala PRZED modelem kanalu, generuje od nowa
pamięć: wolne 23375 MB, zbiór potrzebuje ~16400 MB
wolne miejsce: 392407 MB, potrzeba ~8608 MB
generuję 8 części po 200000 próbek (~14 min każda)...
[8/8] czesci/morse_200000_07.npz NIEKOMPLETNA (brak: yf fist_drift gap_jitter chirp sag hum ...) — generuje od nowa

[8/8] czesci/morse_200000_07.npz
generuję 200000 próbek na 11 procesach (400 kawałków po 500)
  200000/200000  856s  pozostało ~0s

Zapisano czesci/morse_200000_07.npz  (823 MB, uint8)
klasa 0 (puste radio): 29726 (14.9%)
znaki: min 4576, max 4878 na klasę
QRM 35%   QRN 30%   QSB>0.3 42%

Gotowe. Trening: --dataset 'czesci/morse_200000_*.npz'

============================================================
 TRENING dpu -> runs/dpu_1600000     21:53
============================================================
  w runs/dpu_1600000/state.json: epoka 40 z 40
  ten przebieg jest już ukończony — pomijam
  OK, 0 min

============================================================
 KOPERTA dpu     21:53
============================================================
KOPERTA: gdzie model czyta (sygnał idealny, % trafień)

  WPM \ ton       450    550    650    750    850    950   1100
  -------------------------------------------------------------
     10            .      .     35     55     38      2      .
     13            .      .    100    100     98      .      .
     15            .      .      .    100      .      .      .
     18            .      .      .    100      2      .      .
     20            .      .      2    100      8      .      .
     22            .      .     15    100     20      .      .
     25            .      .     28    100     52      .      .
     27            .      .     22    100     28      .      .
     30            .      .      .    100      8      .      .

  kropka = ZERO trafień. Nie "gorzej" — model milczy.

WYROK

  znak w całości w oknie:   98.8% trafień (2995 próbek)
  znak obcięty oknem:      100.0% trafień (5 próbek, 0.2% zbioru)

  NIE DA SIĘ ROZSTRZYGNĄĆ — i to jest wynik.
  Obcięcie znaku przez okno praktycznie NIE WYSTĘPUJE:
  5 przypadków na 3000 (0.17%).

  Ta hipoteza nie tłumaczy błędów, bo zjawiska prawie nie
  ma. Nie jest ani potwierdzona, ani obalona — jest
  NIEISTOTNA. Powód: etykietą jest środkowy z trzech
  znaków, a nadanie wstawiane jest wyśrodkowane, więc znak
  z etykiety jest wycentrowany z konstrukcji.

  Przyczyny błędów szukaj gdzie indziej: rozkład wobec
  tempa niżej i tabela pomyłek. Jeśli rozkład jest płaski,
  a najczęstsza pomyłka ma kilka wystąpień — nie ma jednej
  choroby, jest ogólny brak danych.

  OK, 1 min

============================================================
 NAGRANIA dpu     21:55
============================================================
  mic1_manipulator_12wpm.wav   (korekta poziomu -2.8 dB)
  mic2_manipulator_20wpm.wav   (korekta poziomu -12.7 dB)
    w całości:    2/3   (CQ 73)
    w kolejności: 3/3   (CQ SQ2BVN 73)
  mic3_pamiec_15wpm.wav   (korekta poziomu -12.3 dB)
    w całości:    3/6   (CQx2 DE)
    w kolejności: 5/6   (CQx2 DE SQ2BVNx2)
  radio1_14020_dwie_stacje.wav   (korekta poziomu -6.7 dB)
  RAZEM na nagraniach z zapisaną treścią: w całości 5/9, w kolejności 8/9
  RAZEM po scaleniu 0.35s: w całości 7/9, w kolejności 8/9
  OK, 2 min

gru POMINIETE (osma pozycja = 1, zeby wlaczyc).
Noc 9/10.09: dpu i gru dały identyczne 97,51%, przy 4x dłuższym
treningu i węższej kopercie tonu dla gru. Pytanie zamknięte.

============================================================
============================================================
 NOC 2026-09-22  --  co wyszło
============================================================

ETAPY
  TRENING dpu -> runs/dpu_1600000 OK     0 min
  KOPERTA dpu                  OK     1 min
  NAGRANIA dpu                 OK     2 min

WYNIKI TRENINGU

  runs/dpu_1600000  dpu (wdrażalny na KV260)
      epok 40, najlepsza walidacja 98.95% (epoka 39)
      val_loss: minimum 0.0512 w epoce 13, koniec 0.0944
      ZAPAMIĘTYWANIE: val_loss rośnie od epoki 13. Epoki po 18 nic nie wniosły.
      accuracy treningowa ~100% = model zapamiętał zbiór. Potrzeba WIĘCEJ DANYCH, nie epok.
  runs/gru_1600000 gru (odniesienie, NIE wdrażalny)   brak wyniku

KOPERTA I PRZYCZYNA BŁĘDÓW

  --- dpu ---
    czyta (>= 50%): tempo 10-30 WPM, ton 650-850 Hz
    znak w całości w oknie:   98.8% trafień (2995 próbek)
    znak obcięty oknem:      100.0% trafień (5 próbek, 0.2% zbioru)
    NIE DA SIĘ ROZSTRZYGNĄĆ — i to jest wynik.
    Obcięcie znaku przez okno praktycznie NIE WYSTĘPUJE:
    5 przypadków na 3000 (0.17%).
    Ta hipoteza nie tłumaczy błędów, bo zjawiska prawie nie
    ma. Nie jest ani potwierdzona, ani obalona — jest
    NIEISTOTNA. Powód: etykietą jest środkowy z trzech
    znaków, a nadanie wstawiane jest wyśrodkowane, więc znak
    z etykiety jest wycentrowany z konstrukcji.
    Przyczyny błędów szukaj gdzie indziej: rozkład wobec
    tempa niżej i tabela pomyłek. Jeśli rozkład jest płaski,
    a najczęstsza pomyłka ma kilka wystąpień — nie ma jednej
    choroby, jest ogólny brak danych.

PRAWDZIWE NAGRANIA (dpu)

  mic1_manipulator_12wpm.wav   (korekta poziomu -2.8 dB)
  mic2_manipulator_20wpm.wav   (korekta poziomu -12.7 dB)
  mic3_pamiec_15wpm.wav   (korekta poziomu -12.3 dB)
  radio1_14020_dwie_stacje.wav   (korekta poziomu -6.7 dB)

    nadane: nieodnotowane — odczyt tylko do obejrzenia
    nadane: CQ SQ2BVN 73
    w całości:    2/3   (CQ 73)
    w kolejności: 3/3   (CQ SQ2BVN 73)
    nadane: CQ CQ CQ DE SQ2BVN SQ2BVN
    w całości:    3/6   (CQx2 DE)
    w kolejności: 5/6   (CQx2 DE SQ2BVNx2)
    nadane: nieodnotowane — odczyt tylko do obejrzenia

  RAZEM na nagraniach z zapisaną treścią: w całości 5/9, w kolejności 8/9
  RAZEM po scaleniu 0.35s: w całości 7/9, w kolejności 8/9

PEŁNE LOGI
  out/noc_20260922_1951.log
  out/noc_20260922_1951_diag.log                 8.0K
  out/noc_20260922_1951_gen.log                  44K
  out/noc_20260922_1951_koperta_dpu.log          8.0K
  out/noc_20260922_1951_nagrania_dpu.log         8.0K
  out/noc_20260922_1951_srodowisko.log           4.0K
  out/koperta_dpu_20260922_1951.txt              4.0K

Na pendraka:  bvn_z.bat  (z Windows)
============================================================

--- historia treningu ---
to nie jest repozytorium git — pomijam
  Wyniki wracają przez bvn_z.bat i to wystarcza, ale można mieć
  DRUGĄ DROGĘ, niezależną od pendraka. Jednorazowo, tutaj:
      ./srodowisko/hdd_repo.sh
  Ustawia ten katalog jako repozytorium NIE DOTYKAJĄC plików
  (git reset --mixed, nie clone), więc modele i zbiór zostają.

Koniec: 2026-09-22 21:58
Do przeczytania: out/RANO.txt
((venv_gpu) ) root@DESKTOP-JS7996U:/mnt/c/users/ADMIN/PyCharmMiscProject/FT1-TF2-convert/CLAU# srodowisko/
README.md          gpu_libs.sh        mount_pendrak.sh   setup_gpu_env.sh
gpu_check.sh       hdd_repo.sh        rtx3050_setenv.sh  wslconfig.bat
((venv_gpu) ) root@DESKTOP-JS7996U:/mnt/c/users/ADMIN/PyCharmMiscProject/FT1-TF2-convert/CLAU# srodowisko/
README.md          gpu_libs.sh        mount_pendrak.sh   setup_gpu_env.sh
gpu_check.sh       hdd_repo.sh        rtx3050_setenv.sh  wslconfig.bat
((venv_gpu) ) root@DESKTOP-JS7996U:/mnt/c/users/ADMIN/PyCharmMiscProject/FT1-TF2-convert/CLAU# srodowisko/hdd_repo.sh
katalog: /mnt/c/users/ADMIN/PyCharmMiscProject/FT1-TF2-convert/CLAU
zdalne:  https://github.com/programmer-bvn/cw-decoder-dsp.git

pobieram historię...
fatal: unable to access 'https://github.com/programmer-bvn/cw-decoder-dsp.git/': Could not resolve host: github.com

NIE UDAŁO SIĘ pobrać. Najczęstsze powody:
  - brak sieci albo 4G nie odpowiada
  - przy adresie https potrzebne są poświadczenia; w WSL ich nie ma
    -> użyj deploy key i adresu git@github.com:...

Repozytorium zostało utworzone, ale bez historii. Można powtórzyć:
    git fetch origin main
((venv_gpu) ) root@DESKTOP-JS7996U:/mnt/c/users/ADMIN/PyCharmMiscProject/FT1-TF2-convert/CLAU#  git fetch origin main
fatal: unable to access 'https://github.com/programmer-bvn/cw-decoder-dsp.git/': Could not resolve host: github.com
((venv_gpu) ) root@DESKTOP-JS7996U:/mnt/c/users/ADMIN/PyCharmMiscProject/FT1-TF2-convert/CLAU# srodowisko/hdd_repo.sh
To już jest repozytorium.
  zdalne: https://github.com/programmer-bvn/cw-decoder-dsp.git
  gałąź:  HEAD
<brak>

Odświeżenie kodu z repozytorium:  git pull --ff-only
((venv_gpu) ) root@DESKTOP-JS7996U:/mnt/c/users/ADMIN/PyCharmMiscProject/FT1-TF2-convert/CLAU# git pull --ff-only
remote: Enumerating objects: 298, done.
remote: Counting objects: 100% (298/298), done.
remote: Compressing objects: 100% (213/213), done.
remote: Total 298 (delta 165), reused 213 (delta 80), pack-reused 0 (from 0)
Receiving objects: 100% (298/298), 434.81 KiB | 4.48 MiB/s, done.
Resolving deltas: 100% (165/165), done.
From https://github.com/programmer-bvn/cw-decoder-dsp
 * [new branch]      main       -> origin/main
 * [new tag]         probki-v1  -> probki-v1
There is no tracking information for the current branch.
Please specify which branch you want to merge with.
See git-pull(1) for details.

    git pull <remote> <branch>

If you wish to set tracking information for this branch you can do so with:

    git branch --set-upstream-to=origin/<branch> master

((venv_gpu) ) root@DESKTOP-JS7996U:/mnt/c/users/ADMIN/PyCharmMiscProject/FT1-TF2-convert/CLAU# srodowisko/hdd_repo.sh
To już jest repozytorium.
  zdalne: https://github.com/programmer-bvn/cw-decoder-dsp.git
  gałąź:  HEAD
<brak>

Odświeżenie kodu z repozytorium:  git pull --ff-only
((venv_gpu) ) root@DESKTOP-JS7996U:/mnt/c/users/ADMIN/PyCharmMiscProject/FT1-TF2-convert/CLAU# git pull --ff-only
There is no tracking information for the current branch.
Please specify which branch you want to merge with.
See git-pull(1) for details.

    git pull <remote> <branch>

If you wish to set tracking information for this branch you can do so with:

    git branch --set-upstream-to=origin/<branch> master

((venv_gpu) ) root@DESKTOP-JS7996U:/mnt/c/users/ADMIN/PyCharmMiscProject/FT1-TF2-convert/CLAU#