============================================================
 NOC TRENINGOWA  2026-10-06 00:01
============================================================
 zbiór:  czesci/morse_200000_*.npz  (200000 próbek)
 epoki:  40   batch: 256
 log:    out/noc_20261006_0001.log

--- środowisko ---
już aktywne — nie ruszam
python: /root/venv_gpu/bin/python  (Python 3.12.13)
import tensorflow: 2 s   (venv: /root/venv_gpu)

--- karta ---
WARNING: All log messages before absl::InitializeLog() is called are written to STDERR
I0000 00:00:1791237689.729043     675 cpu_feature_guard.cc:227] This TensorFlow binary is optimized to use available CPU instructions in performance-critical operations.
To enable the following instructions: AVX2 FMA, in other operations, rebuild TensorFlow with the appropriate compiler flags.
TensorFlow 2.21.0 | GPU: ['/physical_device:GPU:0']

ROTACJA CZĘŚCI WŁĄCZONA
  zbiór 4000000 próbek potrzebowałby ~41000 MB naraz,
  wolne jest 23261 MB. Części pójdą po kolei — w pamięci
  będzie leżeć jedna (~820 MB) plus walidacja.
  Koszt przy zmierzonych 289 MB/s: ~3 s na część na epokę.

--- diag.py ---
BŁĄD: diag.py nie przeszedł. Szczegóły w
      out/noc_20261006_0001_diag.log
  File "/mnt/w/PyCharmMiscProject/FT1-TF2-convert/CLAU/diag.py", line 23, in <module>
    from dsp import frontend, morse, radio
  File "/mnt/w/PyCharmMiscProject/FT1-TF2-convert/CLAU/dsp/__init__.py", line 31, in __getattr__
    mod = importlib.import_module(f".{name}", __name__)
          ^^^^^^^^^^^^^^^^^^^^^^^^^^^^^^^^^^^^^^^^^^^^^
  File "/usr/lib/python3.12/importlib/__init__.py", line 90, in import_module
    return _bootstrap._gcd_import(name[level:], package, level)
           ^^^^^^^^^^^^^^^^^^^^^^^^^^^^^^^^^^^^^^^^^^^^^^^^^^^^
  File "/mnt/w/PyCharmMiscProject/FT1-TF2-convert/CLAU/dsp/frontend.py", line 38, in <module>
    raise ImportError(
ImportError: Brak librosy. Zainstaluj: pip install librosa soundfile
(w tym projekcie librosa służy już tylko do wczytywania plików audio i jako wzorzec w diag.py TEST 14 — sam front-end liczy dsp/melref.py na numpy)

PRZERWANO. Trening na niespójnym łańcuchu to zmarnowana noc.
Środowisko w momencie awarii: out/noc_20261006_0001_srodowisko.log
