===========================================================================
===========================================================================
 zrodlo: D:\AI_DSP\
 cel:    c:\Users\ADMIN\PyCharmMiscProject\FT1-TF2-convert\CLAU

 kopiowane:    *.py *.md *.txt *.sh requirements.txt
 NIE kopiowane: .venv, __pycache__, out\, runs\, *.npz, *.whl

 *** TRYB AUTO -- bez pytania ***
[1/2] kod...


------------------------------------------------------------------------------

               Total    Copied   Skipped  Mismatch    FAILED    Extras
    Dirs :        12         0        12         0         0         1
   Files :        48        27        21         0         0         0
   Bytes :   461.7 k   273.5 k   188.1 k         0         0         0
   Times :   0:00:00   0:00:00                       0:00:00   0:00:00


   Speed :           4ÿ119ÿ691 Bytes/sec.
   Speed :             235,731 MegaBytes/min.
   Ended : wtorek, 15 wrze˜nia 2026 18:23:47

[2/2] probki (nagrania)...


------------------------------------------------------------------------------

               Total    Copied   Skipped  Mismatch    FAILED    Extras
    Dirs :         1         0         1         0         0         0
   Files :         9         0         9         0         0         0
   Bytes :  105.86 m         0  105.86 m         0         0         0
   Times :   0:00:00   0:00:00                       0:00:00   0:00:00
   Ended : wtorek, 15 wrze˜nia 2026 18:23:47


===========================================================================
 GOTOWE.  Kod w c:\Users\ADMIN\PyCharmMiscProject\FT1-TF2-convert\CLAU

 Dalej, na HDD:
     cd /d c:\Users\ADMIN\PyCharmMiscProject\FT1-TF2-convert\CLAU
     python diag.py
     python train_rtx.py generate --n 200000
     python train_rtx.py train --epochs 100 --batch 256 --mixed --require-gpu
===========================================================================
===========================================================================
===========================================================================
 zrodlo: c:\Users\ADMIN\PyCharmMiscProject\FT1-TF2-convert\CLAU
 cel:    D:\AI_DSP\

 kopiowane:     runs\ (modele, log.csv, state.json), out\ (logi nocne,
                wykresy, paczki .bundle), kod .py .md .bat .sh
 NIE kopiowane: *.npz (zbior, 800 MB), .venv, __pycache__

 *** TRYB AUTO -- bez pytania ***
[1/3] runs (modele i logi treningu)...


------------------------------------------------------------------------------

               Total    Copied   Skipped  Mismatch    FAILED    Extras
    Dirs :         6         0         6         0         0         0
   Files :        16         4        12         0         0         0
   Bytes :   89.66 m   24.06 m   65.59 m         0         0         0
   Times :   0:00:01   0:00:01                       0:00:00   0:00:00


   Speed :           19ÿ824ÿ153 Bytes/sec.
   Speed :             1134,347 MegaBytes/min.
   Ended : wtorek, 15 wrze˜nia 2026 19:48:30

[2/3] out (wykresy, X-Ray)...


------------------------------------------------------------------------------

               Total    Copied   Skipped  Mismatch    FAILED    Extras
    Dirs :         2         0         2         0         0         2
   Files :        88        15        73         0         0        10
   Bytes :   83.04 m   16.11 m   66.92 m         0         0    1.15 m
   Times :   0:00:03   0:00:03                       0:00:00   0:00:00


   Speed :           4ÿ316ÿ594 Bytes/sec.
   Speed :             246,998 MegaBytes/min.
   Ended : wtorek, 15 wrze˜nia 2026 19:48:34

[3/3] kod zmieniony na HDD...


------------------------------------------------------------------------------

               Total    Copied   Skipped  Mismatch    FAILED    Extras
    Dirs :        12         0        12         0         0         1
   Files :        42         0        42         0         0         0
   Bytes :   452.1 k         0   452.1 k         0         0         0
   Times :   0:00:00   0:00:00                       0:00:00   0:00:00
   Ended : wtorek, 15 wrze˜nia 2026 19:48:34



------------------------------------------------------------------------------

               Total    Copied   Skipped  Mismatch    FAILED    Extras
    Dirs :         1         0         1         0         0         0
   Files :         6         0         6         0         0         0
   Bytes :    21.3 k         0    21.3 k         0         0         0
   Times :   0:00:00   0:00:00                       0:00:00   0:00:00
   Ended : wtorek, 15 wrze˜nia 2026 19:48:34


===========================================================================
 GOTOWE.  Wyniki na pendraku: D:\AI_DSP\

 Na koniec warto zrobic archiwum jednym plikiem (mniej zapisow do FAT):
     tar czf AI_DSP_%DATE:~0,10%.tar.gz --exclude=.venv --exclude=__pycache__ echo          --exclude=*.npz --exclude=*.whl -C c:\Users\ADMIN\PyCharmMiscProject\FT1-TF2-convert\CLAU\.. AI_DSP
===========================================================================
