WARNING: All log messages before absl::InitializeLog() is called are written to STDERR
I0000 00:00:1789670940.238182    5143 cpu_feature_guard.cc:227] This TensorFlow binary is optimized to use available CPU instructions in performance-critical operations.
To enable the following instructions: AVX2 FMA, in other operations, rebuild TensorFlow with the appropriate compiler flags.
I0000 00:00:1789670995.058153    5143 gpu_device.cc:2043] Created device /job:localhost/replica:0/task:0/device:GPU:0 with 3622 MB memory:  -> device: 0, name: NVIDIA GeForce RTX 3050, pci bus id: 0000:09:00.0, compute capability: 8.6
/mnt/c/Users/ADMIN/PyCharmMiscProject/FT1-TF2-convert/CLAU/venv_gpu/lib/python3.12/site-packages/keras/src/saving/saving_lib.py:869: UserWarning: Skipping variable loading for optimizer 'adam', because it has 48 variables whereas the saved optimizer has 52 variables. 
  saveable.load_own_variables(store)
I0000 00:00:1789671046.722648    5198 service.cc:153] XLA service 0x7f2b40028310 initialized for platform CUDA (this does not guarantee that XLA will be used). Devices:
I0000 00:00:1789671046.723084    5198 service.cc:161]   StreamExecutor [0]: NVIDIA GeForce RTX 3050, Compute Capability 8.6 (Driver: 13.4.0; Runtime: 12.9.0; Toolkit: 12.5.0; DNN: 9.25.1)
I0000 00:00:1789671046.771074    5198 dump_mlir_util.cc:269] disabling MLIR crash reproducer, set env var `MLIR_CRASH_REPRODUCER_DIRECTORY` to enable.
I0000 00:00:1789671046.962276    5198 cuda_dnn.cc:461] Loaded cuDNN version 92501
I0000 00:00:1789671047.047965    5198 dot_search_space.cc:240] All configs were filtered out because none of them sufficiently match the hints. Maybe the hints set does not contain a good representative set of valid configs? Working around this by using the full hints set instead.
I0000 00:00:1789671052.789190    5278 subprocess_compilation.cc:348] ptxas warning : Registers are spilled to local memory in function 'gemm_fusion_MatMul_4', 296 bytes spill stores, 296 bytes spill loads

I0000 00:00:1789671056.744176    5198 device_compiler.h:208] Compiled cluster using XLA!  This line is logged at most once for the lifetime of the process.
I0000 00:00:1789671059.808975    5387 subprocess_compilation.cc:348] ptxas warning : Registers are spilled to local memory in function 'gemm_fusion_MatMul_4', 380 bytes spill stores, 380 bytes spill loads

I0000 00:00:1789671060.491927    5200 dot_search_space.cc:240] All configs were filtered out because none of them sufficiently match the hints. Maybe the hints set does not contain a good representative set of valid configs? Working around this by using the full hints set instead.
I0000 00:00:1789671072.498655    5511 subprocess_compilation.cc:348] ptxas warning : Registers are spilled to local memory in function 'gemm_fusion_MatMul_4', 284 bytes spill stores, 284 bytes spill loads

I0000 00:00:1789671072.532140    5200 dot_search_space.cc:240] All configs were filtered out because none of them sufficiently match the hints. Maybe the hints set does not contain a good representative set of valid configs? Working around this by using the full hints set instead.
I0000 00:00:1789671073.498777    5512 subprocess_compilation.cc:348] ptxas warning : Registers are spilled to local memory in function 'gemm_fusion_MatMul_6', 88 bytes spill stores, 88 bytes spill loads

I0000 00:00:1789671075.861206    5199 dot_search_space.cc:240] All configs were filtered out because none of them sufficiently match the hints. Maybe the hints set does not contain a good representative set of valid configs? Working around this by using the full hints set instead.
I0000 00:00:1789671076.582408    5637 subprocess_compilation.cc:348] ptxas warning : Registers are spilled to local memory in function 'gemm_fusion_MatMul_6', 88 bytes spill stores, 88 bytes spill loads

I0000 00:00:1789671080.240545    5631 subprocess_compilation.cc:348] ptxas warning : Registers are spilled to local memory in function 'gemm_fusion_MatMul_4', 280 bytes spill stores, 280 bytes spill loads

I0000 00:00:1789671084.373146    5198 dot_search_space.cc:240] All configs were filtered out because none of them sufficiently match the hints. Maybe the hints set does not contain a good representative set of valid configs? Working around this by using the full hints set instead.
I0000 00:00:1789671085.186548    5757 subprocess_compilation.cc:348] ptxas warning : Registers are spilled to local memory in function 'gemm_fusion_MatMul_6', 88 bytes spill stores, 88 bytes spill loads

I0000 00:00:1789671087.992809    5753 subprocess_compilation.cc:348] ptxas warning : Registers are spilled to local memory in function 'gemm_fusion_MatMul_4', 288 bytes spill stores, 288 bytes spill loads

======================================================================
 ODCZYT PRAWDZIWYCH NAGRAŃ: runs/dpu_1600000/best.keras
======================================================================
 próg pewności 0.95, minimum 3 okien

mic1_manipulator_12wpm.wav   (korekta poziomu -2.8 dB)
  ton: zaczep w 100% czasu, 1 raz(y) od nowa; mediana tonu 700 Hz
        w zakresie czytelnym dla modelu (670-830 Hz): 96% czasu (zakres estymaty 598-737 Hz)
  odczyt surowy:  CCRCQQQQQCCCQQQQBBBBBBVVSIQ2BVTIIIQ2BBVTPGSIECCCQQQCCCCCRCCQQQQQEEISSISQ2BBVVVTSHEKCCQQCCCCCCQQQCCRCCCQQQEEEEEQQ2BVTTGSEEPP222MSSEESIQQQQ2222BVVVTE4EERROOMXXKKFFFECALLLUUUURSIIIH555999EQSSSSSEBAARRRRRAYYRIIUSHAAARUUU44AQTHHQTHHHIISBBBYDDGOSSZZBYYDGOOOOSS4HI222IIP22MMSEESQ2BBBVVT
  po scaleniu 0.35s: CRCQQCCQQBBVSIQ2BVTIQ2BVTPGSIECQQCCCRCQEISISQ2BBVVTSHEKCQQCCCQCRCQEEQ2BVTGSEPP2MSESIQQ22BVVTE4EROMXKKFECALLUURSIH559EQSSSEBARRAYRIUSHAARU44AQTHQTHIISBBYDDGOSZBYDGOOS4HI2IP2MMSESQ2BBVVT
  nadane: nieodnotowane — odczyt tylko do obejrzenia

mic2_manipulator_20wpm.wav   (korekta poziomu -12.7 dB)
  ton: zaczep w 100% czasu, 1 raz(y) od nowa; mediana tonu 750 Hz
        w zakresie czytelnym dla modelu (670-830 Hz): 97% czasu (zakres estymaty 621-825 Hz)
  odczyt surowy:  TCCRCRQECMMTCCQQECQBBVVNCYSSQ2BBVVNPSSSSEKK5CQQCQQCQCRRRRQZDDEEEESQQ2BVVNNSSSQ2LLLVVVSPP22KDBBSSP22KBSSPP222KKK9P22KBPSSSEK4VV7733SSSS8854VXEVUVVEEVVVVVVVVVTYYNEEEIISAAIISSSZZEEIAAARUAAAAAAARIIIIIUUUUSSEEEAARRISSISIAAAAIIAUUQQQZCQQQCQQZDDESQ2BBVNSQ2BBVNISQQ2BBVNNPPSEEEEE
  po scaleniu 0.35s: TCCRCRQECMMTCQQECQBVNCYSQ2BVNPSEK5CQQCQQCQCRQZDDEESQ2BVVNSSQ2LLVSP2KDBBSP2KBSP2KK9P2KBPSEK4VV733S854VXEVUVVEEVVVVTYNEISAIISSZEIAARUAAAAAARIUUSEEARISISIAAIAUQQZCQQCQZDDESQ2BVNSQ2BVNISQ2BVNNPSE
  nadane: CQ SQ2BVN 73
  w całości:    2/3   (CQ 73)
  w kolejności: 3/3   (CQ SQ2BVN 73)
  po scaleniu:  w całości 3/3, w kolejności 3/3, odczyt krótszy o 30%

mic3_pamiec_15wpm.wav   (korekta poziomu -12.3 dB)
  ton: zaczep w 100% czasu, 1 raz(y) od nowa; mediana tonu 750 Hz
        w zakresie czytelnym dla modelu (670-830 Hz): 100% czasu (zakres estymaty 680-758 Hz)
  odczyt surowy:  REQCQQZCQQZQZDDDEEEIQQ2BVVNNSSQQ2BBVVNIISQQ2BVNPPSE
  po scaleniu 0.35s: REQCQZCQZQZDDEIQ2BVVNSQ2BVVNISQ2BVNPSE
  nadane: CQ CQ CQ DE SQ2BVN SQ2BVN
  w całości:    3/6   (CQx2 DE)
  w kolejności: 5/6   (CQx2 DE SQ2BVNx2)
  po scaleniu:  w całości 4/6, w kolejności 5/6, odczyt krótszy o 25%

radio1_14020_dwie_stacje.wav   (korekta poziomu -6.7 dB)
  ton: zaczep w 100% czasu, 1 raz(y) od nowa; mediana tonu 839 Hz
        w zakresie czytelnym dla modelu (670-830 Hz): 44% czasu (zakres estymaty 754-847 Hz)
  odczyt surowy:  OOOOO0OG3O00LL000090919EN8ZGGOO2JQEEA10010011100030000001000000009900000000008BB0000900909PEEEE0110000000000000900099NC119198994533893339909PL343Q09992233000O9000OOOC0O0002W93330000000000000000000000000000000019000000000000900000000T00000000000000000000
  po scaleniu 0.35s: OOOO0OG3O0L00090919EN8ZGGOO2JQEA101011003000100009000008BB00090909PE01000009009NC19198945338933909PL343Q099230O90OOOC0O0002W93000000000000019000009000T0000000
  nadane: nieodnotowane — odczyt tylko do obejrzenia

----------------------------------------------------------------------
RAZEM na nagraniach z zapisaną treścią: w całości 5/9, w kolejności 8/9
RAZEM po scaleniu 0.35s: w całości 7/9, w kolejności 8/9

To jest liczba, która ma znaczenie. Dokładność walidacyjna
na syntetyku mówi o syntetyku — pierwszy model tego projektu
miał 98,68% i na paśmie dawał fragmenty.
zapisane: out/nagrania_dpu_20260917_1759.txt
