WARNING: All log messages before absl::InitializeLog() is called are written to STDERR
I0000 00:00:1791597594.843276   21322 cpu_feature_guard.cc:227] This TensorFlow binary is optimized to use available CPU instructions in performance-critical operations.
To enable the following instructions: AVX2 FMA, in other operations, rebuild TensorFlow with the appropriate compiler flags.
I0000 00:00:1791597599.137939   21322 gpu_device.cc:2043] Created device /job:localhost/replica:0/task:0/device:GPU:0 with 3622 MB memory:  -> device: 0, name: NVIDIA GeForce RTX 3050, pci bus id: 0000:09:00.0, compute capability: 8.6
/root/venv_gpu/lib/python3.12/site-packages/keras/src/saving/saving_lib.py:869: UserWarning: Skipping variable loading for optimizer 'adam', because it has 72 variables whereas the saved optimizer has 76 variables. 
  saveable.load_own_variables(store)
I0000 00:00:1791597606.078112   21379 service.cc:153] XLA service 0x79bf20057280 initialized for platform CUDA (this does not guarantee that XLA will be used). Devices:
I0000 00:00:1791597606.078721   21379 service.cc:161]   StreamExecutor [0]: NVIDIA GeForce RTX 3050, Compute Capability 8.6 (Driver: 13.4.0; Runtime: 12.9.0; Toolkit: 12.5.0; DNN: 9.26.0)
I0000 00:00:1791597606.090330   21379 dump_mlir_util.cc:269] disabling MLIR crash reproducer, set env var `MLIR_CRASH_REPRODUCER_DIRECTORY` to enable.
I0000 00:00:1791597606.212142   21379 cuda_dnn.cc:461] Loaded cuDNN version 92600
I0000 00:00:1791597610.213477   21379 device_compiler.h:208] Compiled cluster using XLA!  This line is logged at most once for the lifetime of the process.
======================================================================
 KOPERTA I BŁĘDY: runs/fcn_10000000/best.keras
======================================================================
 front-end: ALPHABET= ABCDEFGHIJKLMNOPQRSTUVWXYZ0123456789;CLIP_SECONDS=4.0;DB_MAX=24.0;DB_MIN=-30.0;DB_REF=1.0;FMAX=1200.0;FMIN=400.0;HOP_LENGTH=160;IMG_BINS=32;IMG_FRAMES=128;MEL_CONVENTION=librosa/slaney;N_FFT=512;N_MELS=32;SR=8000
 siatka: 9x7 komórek po 40 próbek; błędy z 3000 próbek

KOPERTA: gdzie model czyta (sygnał idealny, % trafień)

  WPM \ ton       450    550    650    750    850    950   1100
  -------------------------------------------------------------
     10            .      .     32     88      .      .      .
     13            .      .     20    100      .      .      .
     15            .      .      .      .      .      .      .
     18            .      .      .     15      .      .      .
     20            .      .      .     52      .      .      .
     22            .      .      .     75      .      .      .
     25            .      .      2     98      .      .      .
     27            .      .     20     88      2      .      .
     30            .      .     15     98      .      .      .

  kropka = ZERO trafień. Nie "gorzej" — model milczy.

  czyta (>= 50%): tempo 10-30 WPM, ton 750-750 Hz

PRZYCZYNA GUBIENIA: błąd wobec widoczności znaku w oknie

  widoczność    próbek   trafień   zgubiony el.
  ------------------------------------------------
  poniżej 50%         0         -              -
  50-90%              2     50.0%           0.0%
  90-100%             3    100.0%           0.0%
  cały (100%)      2995     99.8%           0.0%

WYROK

  znak w całości w oknie:   99.8% trafień (2995 próbek)
  znak obcięty oknem:       80.0% trafień (5 próbek, 0.2% zbioru)

  NIE DA SIĘ ROZSTRZYGNĄĆ — i to jest wynik.
  Obcięcie znaku przez okno praktycznie NIE WYSTĘPUJE:
  5 przypadków na 3000 (0.17%).

  Ta hipoteza nie tłumaczy błędów, bo zjawiska prawie nie
  ma. Nie jest ani potwierdzona, ani obalona — jest
  NIEISTOTNA. Powód: etykietą jest środkowy z trzech
  znaków, a nadanie wstawiane jest wyśrodkowane, więc znak
  z etykiety jest wycentrowany z konstrukcji.

  Przyczyny błędów szukaj gdzie indziej: rozkład wobec
  tempa niżej i tabela pomyłek. Jeśli rozkład jest płaski,
  a najczęstsza pomyłka ma kilka wystąpień — nie ma jednej
  choroby, jest ogólny brak danych.

ROZKŁAD WOBEC TEMPA

  WPM        próbek  trafień  zgub.el.  wstaw.  kr/kre  obciętych
  ------------------------------------------------------------------
  12-14         423    99.8%      0.0%    0.0%    0.2%       0.9%
  15-17         645    99.5%      0.0%    0.3%    0.0%       0.2%
  18-20         669    99.7%      0.0%    0.0%    0.0%       0.0%
  21-23         605   100.0%      0.0%    0.0%    0.0%       0.0%
  24-26         658    99.7%      0.2%    0.0%    0.0%       0.0%

TRAFIENIA WOBEC DŁUGOŚCI KODU

  elementów   próbek   trafień   przykłady
  ----------------------------------------------------
      1          154    100.0%   E T
      2          321     99.7%   A I M N
      3          678     99.9%   D G K O R S U W
      4         1028     99.6%   B C F H J L P Q V X Y Z
      5          819     99.8%   cyfry 0-9

  krótkie (1-2 elementy): 99.8%  (475 próbek)
  długie  (4-5 elementów): 99.7%  (1847 próbek)
  Różnica tylko 0.1 pp — zależności NIE MA.
  Czyli gubienie krótkich znaków na nagraniach bierze się
  nie z samej sieci, a z czegoś dalej: najpewniej z tego,
  że długie znaki trwają dłużej, zbierają więcej okien
  i wygrywają przy scalaniu powtórzeń.

  najgorzej czytane znaki:
    L .-..    97.8%  (91 próbek)
    0 -----   98.6%  (69 próbek)
    R .-.     98.6%  (72 próbek)
    1 .----   98.8%  (80 próbek)
    I ..      98.8%  (81 próbek)

NAJCZĘSTSZE POMYŁKI

  1 .----  -> 0 -----       1x   kropka/kreska
  R .-.    -> 3 ...--       1x   inne
  Z --..   -> 1 .----       1x   wstawiony element
  L .-..   -> 2 ..---       1x   wstawiony element
  L .-..   -> A .-          1x   inne
  C -.-.   -> K -.-         1x   zgubiony element
  0 -----  -> O ---         1x   inne
  I ..     ->   (cisza)     1x   wzięty za ciszę

zapisane: out/koperta_fcn_20261009_1957.txt
