WARNING: All log messages before absl::InitializeLog() is called are written to STDERR
I0000 00:00:1789573659.023437    1316 cpu_feature_guard.cc:227] This TensorFlow binary is optimized to use available CPU instructions in performance-critical operations.
To enable the following instructions: AVX2 FMA, in other operations, rebuild TensorFlow with the appropriate compiler flags.
I0000 00:00:1789573691.381458    1316 gpu_device.cc:2043] Created device /job:localhost/replica:0/task:0/device:GPU:0 with 3622 MB memory:  -> device: 0, name: NVIDIA GeForce RTX 3050, pci bus id: 0000:09:00.0, compute capability: 8.6
/mnt/c/Users/ADMIN/PyCharmMiscProject/FT1-TF2-convert/CLAU/venv_gpu/lib/python3.12/site-packages/keras/src/saving/saving_lib.py:869: UserWarning: Skipping variable loading for optimizer 'adam', because it has 48 variables whereas the saved optimizer has 52 variables. 
  saveable.load_own_variables(store)
I0000 00:00:1789573722.584747    1373 service.cc:153] XLA service 0x7f0f48028120 initialized for platform CUDA (this does not guarantee that XLA will be used). Devices:
I0000 00:00:1789573722.585193    1373 service.cc:161]   StreamExecutor [0]: NVIDIA GeForce RTX 3050, Compute Capability 8.6 (Driver: 13.4.0; Runtime: 12.9.0; Toolkit: 12.5.0; DNN: 9.25.1)
I0000 00:00:1789573722.633418    1373 dump_mlir_util.cc:269] disabling MLIR crash reproducer, set env var `MLIR_CRASH_REPRODUCER_DIRECTORY` to enable.
I0000 00:00:1789573722.772814    1373 cuda_dnn.cc:461] Loaded cuDNN version 92501
I0000 00:00:1789573722.834784    1373 dot_search_space.cc:240] All configs were filtered out because none of them sufficiently match the hints. Maybe the hints set does not contain a good representative set of valid configs? Working around this by using the full hints set instead.
I0000 00:00:1789573727.250209    1443 subprocess_compilation.cc:348] ptxas warning : Registers are spilled to local memory in function 'gemm_fusion_MatMul_4', 296 bytes spill stores, 296 bytes spill loads

I0000 00:00:1789573730.656595    1373 device_compiler.h:208] Compiled cluster using XLA!  This line is logged at most once for the lifetime of the process.
I0000 00:00:1789573731.750292    1560 subprocess_compilation.cc:348] ptxas warning : Registers are spilled to local memory in function 'gemm_fusion_MatMul_4', 380 bytes spill stores, 380 bytes spill loads

I0000 00:00:1789573733.807930    1372 dot_search_space.cc:240] All configs were filtered out because none of them sufficiently match the hints. Maybe the hints set does not contain a good representative set of valid configs? Working around this by using the full hints set instead.
I0000 00:00:1789573743.691305    1682 subprocess_compilation.cc:348] ptxas warning : Registers are spilled to local memory in function 'gemm_fusion_MatMul_4', 284 bytes spill stores, 284 bytes spill loads

I0000 00:00:1789573744.320006    1371 dot_search_space.cc:240] All configs were filtered out because none of them sufficiently match the hints. Maybe the hints set does not contain a good representative set of valid configs? Working around this by using the full hints set instead.
I0000 00:00:1789573744.976059    1691 subprocess_compilation.cc:348] ptxas warning : Registers are spilled to local memory in function 'gemm_fusion_MatMul_6', 88 bytes spill stores, 88 bytes spill loads

I0000 00:00:1789573747.095925    1371 dot_search_space.cc:240] All configs were filtered out because none of them sufficiently match the hints. Maybe the hints set does not contain a good representative set of valid configs? Working around this by using the full hints set instead.
I0000 00:00:1789573747.800341    1802 subprocess_compilation.cc:348] ptxas warning : Registers are spilled to local memory in function 'gemm_fusion_MatMul_6', 88 bytes spill stores, 88 bytes spill loads

I0000 00:00:1789573750.561379    1805 subprocess_compilation.cc:348] ptxas warning : Registers are spilled to local memory in function 'gemm_fusion_MatMul_4', 280 bytes spill stores, 280 bytes spill loads

I0000 00:00:1789573756.984650    1373 dot_search_space.cc:240] All configs were filtered out because none of them sufficiently match the hints. Maybe the hints set does not contain a good representative set of valid configs? Working around this by using the full hints set instead.
I0000 00:00:1789573757.652600    1930 subprocess_compilation.cc:348] ptxas warning : Registers are spilled to local memory in function 'gemm_fusion_MatMul_6', 88 bytes spill stores, 88 bytes spill loads

I0000 00:00:1789573760.096363    1937 subprocess_compilation.cc:348] ptxas warning : Registers are spilled to local memory in function 'gemm_fusion_MatMul_4', 288 bytes spill stores, 288 bytes spill loads

======================================================================
 ODCZYT PRAWDZIWYCH NAGRAŃ: runs/dpu_1000000/best.keras
======================================================================
 próg pewności 0.95, minimum 3 okien

mic1_manipulator_12wpm.wav   (korekta poziomu -2.8 dB)
  ton: zaczep w 100% czasu, 1 raz(y) od nowa; mediana tonu 700 Hz
        w zakresie czytelnym dla modelu (670-830 Hz): 96% czasu (zakres estymaty 598-737 Hz)
  odczyt: CCQQQCCCCQQQQBBBVVVEQQ22BVVEQ22BVVPPSEEECCCQQCCQQESSQ2BVSSECQQQQQQQQCCCQQQCCCQQQEESQQQ22BBVSEEPPP2MMSESSEQ222BBVNEEERMMMEXKKSFFEECAALRLRREUUURSSSSSISE555599SSSSSSERRRRRMYRRIIUUAUARUUE4XQQTTQQTHIIIIIIBBYYDDGOSSSBYDGOOOSSEEXEED82F2P22MMSSSEEHSQ22BVV
  nadane: nieodnotowane — odczyt tylko do obejrzenia

mic2_manipulator_20wpm.wav   (korekta poziomu -12.7 dB)
  ton: zaczep w 100% czasu, 1 raz(y) od nowa; mediana tonu 750 Hz
        w zakresie czytelnym dla modelu (670-830 Hz): 97% czasu (zakres estymaty 621-825 Hz)
  odczyt: CCQECCMTTTTCQCQQBVV6SQ2BBBVNPPPSSSSEEE65SIQCCCQCQCCQQQQRQQDDDEESQQ22BBVVVNNNSQQ22EVVVVVXXP22KKBBSP2KBBSSSP22QKKBP222KKBPSSSEV7H333SS85VV4VVVVTEEEVVVVVVVEEIIIISAIUSSUAAAUUARRIIIUUUSSEEEEEAAPSSAIUUUUAQQCCCQQCCQQLZDLDEQ2BSQ2BSQ2BBNNSEE
  nadane: CQ SQ2BVN 73
  w całości:    1/3   (CQ)
  w kolejności: 3/3   (CQ SQ2BVN 73)

mic3_pamiec_15wpm.wav   (korekta poziomu -12.3 dB)
  ton: zaczep w 100% czasu, 1 raz(y) od nowa; mediana tonu 750 Hz
        w zakresie czytelnym dla modelu (670-830 Hz): 100% czasu (zakres estymaty 680-758 Hz)
  odczyt: QCQQCQZZDZDDEEEQ2BQ2BBQ2BNNSS
  nadane: CQ CQ CQ DE SQ2BVN SQ2BVN
  w całości:    3/6   (CQx2 DE)
  w kolejności: 3/6   (CQx2 DE)

radio1_14020_dwie_stacje.wav   (korekta poziomu -6.7 dB)
  ton: zaczep w 100% czasu, 1 raz(y) od nowa; mediana tonu 839 Hz
        w zakresie czytelnym dla modelu (670-830 Hz): 44% czasu (zakres estymaty 754-847 Hz)
  odczyt: OB5O8525885555858PZ55GG988999988895259999C699939CB8859905555EEE85952999969XX9F8855555HH99585555599555599988552587H557XQ788L3L570095999X509999999999998552999E99999969999L5999999955559999999999
  nadane: nieodnotowane — odczyt tylko do obejrzenia

----------------------------------------------------------------------
RAZEM na nagraniach z zapisaną treścią: w całości 4/9, w kolejności 6/9

To jest liczba, która ma znaczenie. Dokładność walidacyjna
na syntetyku mówi o syntetyku — pierwszy model tego projektu
miał 98,68% i na paśmie dawał fragmenty.
zapisane: out/nagrania_dpu_20260916_1744.txt
