WARNING: All log messages before absl::InitializeLog() is called are written to STDERR
W0000 00:00:1789405508.550468     805 cpu_allocator_impl.cc:82] Allocation of 3768328192 exceeds 10% of free system memory.
========================================================================
DEKODER CW — TRENING
========================================================================
SR=8000 Hz  klip=4.0s  mel: n_fft=512 hop=160 n_mels=32 pasmo=400-1200 Hz
obraz=128x32 (2.56s)  dB: ref=1.0 zakres=[-30.0, 24.0]
morse: WPM=20.0 kropka=60ms  klas=37
------------------------------------------------------------------------
TensorFlow 2.21.0   Keras 3.15.1   numpy 2.5.2   Python 3.12.13
interpreter: /mnt/c/Users/ADMIN/PyCharmMiscProject/FT1-TF2-convert/CLAU/venv_gpu/bin/python
format zapisu modelu: .keras
GPU WIDZIANE: GPU:0
------------------------------------------------------------------------
mixed_float16 włączone (Ampere i nowsze liczą tak ~2x szybciej)
zbiór w 5 częściach, razem 3969 MB
opis zbioru: czesci=5;n=1000000;seeds=12345,13345,14345,15345,16345;wpm=20.0;realism=1
zbiór: (1000000, 128, 32) uint8 (3906 MB)
podział warstwowy: trening=920002  walidacja=79998
wagi klas: klasa 0 -> 0.180, znaki -> 1.145
Traceback (most recent call last):
  File "/mnt/c/Users/ADMIN/PyCharmMiscProject/FT1-TF2-convert/CLAU/train_rtx.py", line 1665, in <module>
    sys.exit(main())
             ^^^^^^
  File "/mnt/c/Users/ADMIN/PyCharmMiscProject/FT1-TF2-convert/CLAU/train_rtx.py", line 1661, in main
    train(args)
  File "/mnt/c/Users/ADMIN/PyCharmMiscProject/FT1-TF2-convert/CLAU/train_rtx.py", line 1503, in train
    ds_tr = make_pipeline(Xtr, ytr, None, args.batch, True, weights=w)
            ^^^^^^^^^^^^^^^^^^^^^^^^^^^^^^^^^^^^^^^^^^^^^^^^^^^^^^^^^^
  File "/mnt/c/Users/ADMIN/PyCharmMiscProject/FT1-TF2-convert/CLAU/train_rtx.py", line 1331, in make_pipeline
    ds = ds.shuffle(min(len(idx), 50000), reshuffle_each_iteration=True)
                        ^^^^^^^^
TypeError: object of type 'NoneType' has no len()
