===========================================================================
===========================================================================
 zrodlo: D:\AI_DSP\
 cel:    c:\Users\ADMIN\PyCharmMiscProject\FT1-TF2-convert\CLAU

 kopiowane:    *.py *.md *.txt *.sh requirements.txt
 NIE kopiowane: .venv, __pycache__, out\, runs\, *.npz, *.whl

 *** TRYB AUTO -- bez pytania ***
[1/2] kod...


------------------------------------------------------------------------------

               Total    Copied   Skipped  Mismatch    FAILED    Extras
    Dirs :        11         0        11         0         0         2
   Files :        48        26        22         0         0         0
   Bytes :   453.3 k   223.6 k   229.6 k         0         0         0
   Times :   0:00:00   0:00:00                       0:00:00   0:00:00


   Speed :           4ÿ771ÿ270 Bytes/sec.
   Speed :             273,014 MegaBytes/min.
   Ended : pi¥tek, 11 wrze˜nia 2026 22:26:55

[2/2] probki (nagrania)...


------------------------------------------------------------------------------

               Total    Copied   Skipped  Mismatch    FAILED    Extras
    Dirs :         1         0         1         0         0         0
   Files :         9         0         9         0         0         0
   Bytes :  105.86 m         0  105.86 m         0         0         0
   Times :   0:00:00   0:00:00                       0:00:00   0:00:00
   Ended : pi¥tek, 11 wrze˜nia 2026 22:26:55


===========================================================================
 GOTOWE.  Kod w c:\Users\ADMIN\PyCharmMiscProject\FT1-TF2-convert\CLAU

 Dalej, na HDD:
     cd /d c:\Users\ADMIN\PyCharmMiscProject\FT1-TF2-convert\CLAU
     python diag.py
     python train_rtx.py generate --n 200000
     python train_rtx.py train --epochs 100 --batch 256 --mixed --require-gpu
===========================================================================
===========================================================================
===========================================================================
 zrodlo: c:\Users\ADMIN\PyCharmMiscProject\FT1-TF2-convert\CLAU
 cel:    D:\AI_DSP\

 kopiowane:     runs\ (modele, log.csv, state.json), out\ (logi nocne,
                wykresy, paczki .bundle), kod .py .md .bat .sh
 NIE kopiowane: *.npz (zbior, 800 MB), .venv, __pycache__

 *** TRYB AUTO -- bez pytania ***
[1/3] runs (modele i logi treningu)...


------------------------------------------------------------------------------

               Total    Copied   Skipped  Mismatch    FAILED    Extras
    Dirs :         6         2         4         0         0         0
   Files :        12         0        12         0         0         0
   Bytes :   65.59 m         0   65.59 m         0         0         0
   Times :   0:00:00   0:00:00                       0:00:00   0:00:00
   Ended : pi¥tek, 11 wrze˜nia 2026 22:31:53

[2/3] out (wykresy, X-Ray)...


------------------------------------------------------------------------------

               Total    Copied   Skipped  Mismatch    FAILED    Extras
    Dirs :         2         0         2         0         0         2
   Files :        64        13        51         0         0         8
   Bytes :   66.84 m   193.2 k   66.65 m         0         0    1.14 m
   Times :   0:00:02   0:00:02                       0:00:00   0:00:00


   Speed :              70ÿ211 Bytes/sec.
   Speed :               4,018 MegaBytes/min.
   Ended : pi¥tek, 11 wrze˜nia 2026 22:31:56

[3/3] kod zmieniony na HDD...


------------------------------------------------------------------------------

               Total    Copied   Skipped  Mismatch    FAILED    Extras
    Dirs :        12         1        11         0         0         1
   Files :        42         0        42         0         0         0
   Bytes :   443.7 k         0   443.7 k         0         0         0
   Times :   0:00:00   0:00:00                       0:00:00   0:00:00
   Ended : pi¥tek, 11 wrze˜nia 2026 22:31:56



------------------------------------------------------------------------------

               Total    Copied   Skipped  Mismatch    FAILED    Extras
    Dirs :         1         0         1         0         0         0
   Files :         6         0         6         0         0         0
   Bytes :    19.9 k         0    19.9 k         0         0         0
   Times :   0:00:00   0:00:00                       0:00:00   0:00:00
   Ended : pi¥tek, 11 wrze˜nia 2026 22:31:56


===========================================================================
 GOTOWE.  Wyniki na pendraku: D:\AI_DSP\

 Na koniec warto zrobic archiwum jednym plikiem (mniej zapisow do FAT):
     tar czf AI_DSP_%DATE:~0,10%.tar.gz --exclude=.venv --exclude=__pycache__ echo          --exclude=*.npz --exclude=*.whl -C c:\Users\ADMIN\PyCharmMiscProject\FT1-TF2-convert\CLAU\.. AI_DSP
===========================================================================
